[trackerpsycho.cc/index.html]
[backblue.gif]
[fade.gif]
[index.html]
[cdn.discordapp.com/emojis/8833780084534149621c8e.gif]
[trackerpsycho.cc/css/home.css]
[trackerpsycho.cc/css/faq.css]
[use.fontawesome.com/releases/v5.13.0/css/all.css]
[trackerpsycho.cc/functions.html]
[trackerpsycho.cc/edit.html]
[trackerpsycho.cc/developers.html]
[trackerpsycho.cc/app.html]
[trackerpsycho.cc/dash-home.html]
[trackerpsycho.cc/js/faq.js]
[trackerpsycho.cc/index.html]
[trackerpsycho.cc/js/scale.js]
[trackerpsycho.cc/img/tracker.png]
[trackerpsycho.cc/css/home.css]
[trackerpsycho.cc/css/faq.css]
[use.fontawesome.com/releases/v5.13.0/css/all.css]
[trackerpsycho.cc/css/functions.css]
[trackerpsycho.cc/free.html]
[trackerpsycho.cc/img/perfil.png]
[trackerpsycho.cc/img/deletadas.png]
[trackerpsycho.cc/img/imagensdeletadas.png]
[trackerpsycho.cc/img/destaque.png]
[trackerpsycho.cc/img/ult.png]
[trackerpsycho.cc/img/call.png]
[trackerpsycho.cc/img/nicks.png]
[trackerpsycho.cc/img/bans.png]
[trackerpsycho.cc/img/unbans.png]
[ajax.googleapis.com/ajax/libs/jquery/3.5.1/jquery.min.js]
[trackerpsycho.cc/functions.html]
[trackerpsycho.cc/js/cmd.js]
[trackerpsycho.cc/edit.html]
[cdn.discordapp.com/avatars/230113935351611392/aa783bfacc006ac63ed6c2a4340d60141c62.png]
[cdn.discordapp.com/avatars/330879828683390976/7d9a4be174cfae861273face643e901a1c62.png]
[cdn.discordapp.com/embed/avatars/2.png]
[trackerpsycho.cc/developers.html]
[trackerpsycho.cc/app.html]
[cdn.discordapp.com/emojis/911692966060511274081a.png]
[trackerpsycho.cc/css/index/dash.css]
[cdn.discordapp.com/emojis/911703238514970644081a.gif]
[trackerpsycho.cc/dash.html]
[trackerpsycho.cc/dash-home.html]
[trackerpsycho.cc/css/functions.css]
[trackerpsycho.cc/free.html]
[trackerpsycho.cc/css/index/dash.css]
[trackerpsycho.cc/css/index/styles.css]
[trackerpsycho.cc/psycho.html]
[trackerpsycho.cc/nickname.html]
[trackerpsycho.cc/messages.html]
[trackerpsycho.cc/dashutl.html]
[images.vexels.com/media/users/3/147103/isolated/preview/e9bf9a44d83e00b1535324b0fda6e91a-cone-de-linha-de-perfil-do-instagram.png]
[trackerpsycho.cc/dash.html]
[trackerpsycho.cc/css/index/styles.css]
[trackerpsycho.cc/css/index/404.css]
[trackerpsycho.cc/psycho.html]
[trackerpsycho.cc/nickname.html]
[trackerpsycho.cc/messages.html]
[trackerpsycho.cc/self.html]
[trackerpsycho.cc/icons.html]
[trackerpsycho.cc/dashutl.html]
[trackerpsycho.cc/css/index/404.css]
[trackerpsycho.cc/clear.html]
[trackerpsycho.cc/kanna.html]
[trackerpsycho.cc/copypaste.html]
[trackerpsycho.cc/lootericons.html]
[trackerpsycho.cc/seticons.html]
[trackerpsycho.cc/self.html]
[trackerpsycho.cc/css/index/icons.css]
[i.pinimg.com/564x/df/af/fc/dfaffc31e97b49840380cab8eeee9517.jpg]
[i.pinimg.com/564x/3d/6c/fc/3d6cfc4db5ab8dddc8b916277d1ce0ff.jpg]
[i.pinimg.com/564x/e4/1b/4e/e41b4e2e5183e27d9f8b9039458be663.jpg]
[i.pinimg.com/564x/1d/e4/94/1de49424f5b0c0e124899688140c73cf.jpg]
[i.pinimg.com/564x/b8/93/1f/b8931f785c298782950f0f14e2ba30df.jpg]
[i.pinimg.com/564x/f0/48/2c/f0482cf89f984408086606c5c5f369a0.jpg]
[i.pinimg.com/564x/10/25/65/1025651bc1cec611b40d428558fa3d4a.jpg]
[i.pinimg.com/564x/f9/e0/1c/f9e01cd2f2adc7aaecbe03e4e75551ac.jpg]
[i.pinimg.com/564x/cd/13/69/cd1369b2dbfe7d10cbabd5fea21ba616.jpg]
[i.pinimg.com/564x/6b/0e/37/6b0e37b8b5149aaa4b70994b91a2ea43.jpg]
[i.pinimg.com/564x/e3/e6/5d/e3e65d5d486b2e3d545221031e2a7eae.jpg]
[i.pinimg.com/564x/9f/5f/04/9f5f04b43a209b546e67bd4d368247ab.jpg]
[i.pinimg.com/564x/cd/28/dd/cd28ddfc0869a21ab3d168dac34a2b76.jpg]
[i.pinimg.com/564x/cb/dc/5d/cbdc5d530331a52bf3c9a8b6f03d6fa0.jpg]
[i.pinimg.com/564x/70/89/da/7089dafd18ab6f4c46113feceb46032c.jpg]
[i.pinimg.com/564x/67/d9/45/67d9455e0dcd6b86f79e78e749c16f77.jpg]
[i.pinimg.com/564x/0d/b4/e1/0db4e1784adfcee4f187dab403d89515.jpg]
[i.pinimg.com/564x/a7/00/37/a700375aca4783437732465bd0c38e81.jpg]
[i.pinimg.com/564x/db/d5/5e/dbd55e896eed902b6300668d3e98c6e6.jpg]
[i.pinimg.com/564x/87/e2/74/87e27475426c2405410f04bee5c84a77.jpg]
[i.pinimg.com/564x/2e/3f/40/2e3f40ecd2c3948c6b00b488a68a6daf.jpg]
[i.pinimg.com/564x/f5/f1/1d/f5f11d6a582f9b1a5062b2d710281dd7.jpg]
[i.pinimg.com/564x/72/26/26/72262616fefc77a72e1706580ee5f35b.jpg]
[i.pinimg.com/564x/90/ce/27/90ce276a2ef67c4ef4d62d362fbfb193.jpg]
[trackerpsycho.cc/icons.html]
[trackerpsycho.cc/clear.html]
[trackerpsycho.cc/kanna.html]
[trackerpsycho.cc/copypaste.html]
[trackerpsycho.cc/lootericons.html]
[trackerpsycho.cc/seticons.html]
[trackerpsycho.cc/css/index/icons.css]
[trackerpsycho.cc/css/index/self.css]
[trackerpsycho.cc/css/index/self.css]
